../Drivers/CMSIS/Include/core_cm4.h:2064:26:ITM_SendChar	16	static,ignoring_inline_asm
../Core/Src/main.c:92:6:__io_putchar	16	static
../Core/Src/main.c:102:5:main	16	static
../Core/Src/main.c:195:6:SystemClock_Config	88	static
../Core/Src/main.c:242:13:MX_TIM2_Init	56	static
../Core/Src/main.c:291:13:MX_TIM7_Init	16	static
../Core/Src/main.c:329:13:MX_USART2_UART_Init	8	static
../Core/Src/main.c:362:13:MX_GPIO_Init	56	static
../Core/Src/main.c:501:6:floodfill_with_no_walls	32	static
../Core/Src/main.c:549:9:manhatten_distance	16	static
../Core/Src/main.c:568:6:Error_Handler	4	static,ignoring_inline_asm
